
🔐 Homee auth kurulumu — env=test → https://redesign-prod.test.tepehome.com.tr
  ✓ Mevcut kapı state'i geçerli
  ✓ Mevcut üye oturumu geçerli (e-posta doğrulandı)


Running 77 tests using 1 worker

  ✓   1 [chromium] › tests/01-homepage.spec.ts:6:7 › 01 - Anasayfa › anasayfa yüklenir, başlık ve bilgi şeridi görünür (4.5s)
  ✓   2 [chromium] › tests/01-homepage.spec.ts:15:7 › 01 - Anasayfa › ürün kartları render olur ve ürün detayına gider (9.9s)
  ✓   3 [chromium] › tests/01-homepage.spec.ts:31:7 › 01 - Anasayfa › header öğeleri mevcut (kategoriler, arama, sepet, giriş, mağazalar) (3.0s)
  ✓   4 [chromium] › tests/01-homepage.spec.ts:42:7 › 01 - Anasayfa › footer bülten alanı ve başa dön butonu çalışır (4.7s)
  ✓   5 [chromium] › tests/01-homepage.spec.ts:55:7 › 01 - Anasayfa › anasayfada uygulama kaynaklı konsol hatası yok (5.7s)
  ✓   6 [chromium] › tests/02-navigation.spec.ts:8:7 › 02 - Navigasyon ve rota sağlığı › mega menü açılır ve kategori linkleri listelenir (5.5s)
  ✓   7 [chromium] › tests/02-navigation.spec.ts:17:7 › 02 - Navigasyon ve rota sağlığı › menüdeki tüm kategori rotaları açılır (404 yok) (15.5s)
  ✓   8 [chromium] › tests/02-navigation.spec.ts:35:7 › 02 - Navigasyon ve rota sağlığı › bilinen kırık linkler kayıt altında (düzelen listeden çıkarılmalı) (9.5s)
  ✓   9 [chromium] › tests/02-navigation.spec.ts:51:7 › 02 - Navigasyon ve rota sağlığı › header ana menü linkleri (MOBİLYA / EVDEKOR) 404 vermez (7.0s)
  ✓  10 [chromium] › tests/02-navigation.spec.ts:69:7 › 02 - Navigasyon ve rota sağlığı › boş kategoriler kayıt altında (dolan listeden çıkarılmalı) (7.5s)
  ✓  11 [chromium] › tests/02-navigation.spec.ts:85:7 › 02 - Navigasyon ve rota sağlığı › logo anasayfaya döner (5.7s)
  ✘  12 [chromium] › tests/02-navigation.spec.ts:100:7 › 02b - Domain sızması › test ortamı sayfaları prod domain'ine link vermiyor (8.8s)
  ✓  13 [chromium] › tests/03-category-listing.spec.ts:8:7 › 03 - Kategori / liste sayfası › ürün listesi render olur, sayaç ve kartlar tutarlı (4.5s)
  ✓  14 [chromium] › tests/03-category-listing.spec.ts:21:7 › 03 - Kategori / liste sayfası › ürün kartından detay sayfasına gidilir (4.4s)
  ✓  15 [chromium] › tests/03-category-listing.spec.ts:32:7 › 03 - Kategori / liste sayfası › filtre paneli açılır ve filtre grupları listelenir (5.6s)
  filtre: 12 → 1 ürün | seçenekler: BEYAZ, GRİ, KAHVERENGİ, SİYAH
  ✓  16 [chromium] › tests/03-category-listing.spec.ts:53:7 › 03 - Kategori / liste sayfası › filtre grubu genişletilir, seçenek işaretlenip uygulanır (8.1s)
  sıralama seçenekleri: Fiyat | Sırala: Önerilen | Önerilen | Alfabetik A-Z | En Düşük Fiyat | En Yüksek Fiyat | En Yüksek İndirim | En Düşük İndirim | En çok satanlar
  ✓  17 [chromium] › tests/03-category-listing.spec.ts:80:7 › 03 - Kategori / liste sayfası › sıralama seçenekleri açılır (4.4s)
  ✓  18 [chromium] › tests/03-category-listing.spec.ts:89:7 › 03 - Kategori / liste sayfası › 'DAHA FAZLA GÖSTER' listeyi büyütür (7.3s)
  ✓  19 [chromium] › tests/03-category-listing.spec.ts:99:7 › 03 - Kategori / liste sayfası › ürün dönen tüm kategori rotaları kart gösteriyor (7.0s)
  ✓  20 [chromium] › tests/04-search.spec.ts:12:7 › 04 - Arama › header aramasıyla sonuç sayfasına gidilir (12.8s)
  ✓  21 [chromium] › tests/04-search.spec.ts:25:7 › 04 - Arama › arama sonucu başlığı sorguyu ve adedi gösterir (6.7s)
  ✓  22 [chromium] › tests/04-search.spec.ts:34:7 › 04 - Arama › sonuç dönmeyen arama boş durum mesajı gösterir (6.4s)
  ✘  23 [chromium] › tests/04-search.spec.ts:47:7 › 04 - Arama › arama sonuç kartları site içi link veriyor (9.6s)
  ✓  24 [chromium] › tests/04-search.spec.ts:71:7 › 04 - Arama › arama sonuçları sorguyla alakalı (6.0s)
  ✓  25 [chromium] › tests/05-product-detail.spec.ts:8:7 › 05 - Ürün detay › başlık, ürün kodu ve fiyat görünür (9.0s)
  ✓  26 [chromium] › tests/05-product-detail.spec.ts:25:7 › 05 - Ürün detay › ürün detay sekmeleri açılır (Açıklama / Ölçüler / Teslimat) (14.1s)
  ✓  27 [chromium] › tests/05-product-detail.spec.ts:35:7 › 05 - Ürün detay › taksit seçenekleri açılır (6.4s)
  ✓  28 [chromium] › tests/05-product-detail.spec.ts:49:7 › 05 - Ürün detay › SEPETE EKLE butonu aktif ve ürün görseli yüklü (4.3s)
  ✘  29 [chromium] › tests/05-product-detail.spec.ts:67:7 › 05 - Ürün detay › ürün detayda uygulama kaynaklı konsol hatası yok (6.1s)
  ✘  30 [chromium] › tests/06-cart.spec.ts:19:7 › 06 - Sepet › ürün sepete eklenir ve sepette doğru satır görünür (16.7m)
  ✓  31 [chromium] › tests/06-cart.spec.ts:41:7 › 06 - Sepet › adet artırma ara toplamı doğru büyütür (21.6s)
