
🔐 Homee auth kurulumu — env=test → https://redesign-prod.test.tepehome.com.tr
  ✓ Mevcut kapı state'i geçerli
  ↻ Üye oturumu geçersiz, yeniden login
  ✓ Üye state yazıldı → playwright/.auth/test-user.json


Running 50 tests using 1 worker

[1/50] [chromium] › tests/01-homepage.spec.ts:6:7 › 01 - Anasayfa › anasayfa yüklenir, başlık ve bilgi şeridi görünür
[2/50] [chromium] › tests/01-homepage.spec.ts:15:7 › 01 - Anasayfa › ürün kartları render olur ve ürün detayına gider
  1) [chromium] › tests/01-homepage.spec.ts:15:7 › 01 - Anasayfa › ürün kartları render olur ve ürün detayına gider 

    Error: anasayfada ürün kartı yok

    expect(received).toBeGreaterThan(expected)

    Expected: > 0
    Received:   0

      17 |     await home.open();
      18 |
    > 19 |     expect(await home.productCardCount(), "anasayfada ürün kartı yok").toBeGreaterThan(0);
         |                                                                        ^
      20 |
      21 |     const firstHref = await home.productCards.first().getAttribute("href");
      22 |     expect(firstHref).toMatch(/-p-/);
        at /Users/macbookair/Desktop/homee-tests/tests/01-homepage.spec.ts:19:72

    attachment #1: screenshot (image/png) ──────────────────────────────────────────────────────────
    test-results/01-homepage-01---Anasayfa--3d213-olur-ve-ürün-detayına-gider-chromium/test-failed-1.png
    ────────────────────────────────────────────────────────────────────────────────────────────────

    Error Context: test-results/01-homepage-01---Anasayfa--3d213-olur-ve-ürün-detayına-gider-chromium/error-context.md


[3/50] [chromium] › tests/01-homepage.spec.ts:30:7 › 01 - Anasayfa › header öğeleri mevcut (kategoriler, arama, sepet, giriş, mağazalar)
[4/50] [chromium] › tests/01-homepage.spec.ts:41:7 › 01 - Anasayfa › footer bülten alanı ve başa dön butonu çalışır
[5/50] [chromium] › tests/01-homepage.spec.ts:54:7 › 01 - Anasayfa › anasayfada uygulama kaynaklı konsol hatası yok
[6/50] [chromium] › tests/02-navigation.spec.ts:7:7 › 02 - Navigasyon ve rota sağlığı › mega menü açılır ve kategori linkleri listelenir
[7/50] [chromium] › tests/02-navigation.spec.ts:16:7 › 02 - Navigasyon ve rota sağlığı › menüdeki tüm kategori rotaları açılır (404 yok)
[8/50] [chromium] › tests/02-navigation.spec.ts:34:7 › 02 - Navigasyon ve rota sağlığı › bilinen kırık linkler kayıt altında (düzelen listeden çıkarılmalı)
[9/50] [chromium] › tests/02-navigation.spec.ts:50:7 › 02 - Navigasyon ve rota sağlığı › header ana menü linkleri (MOBİLYA / EVDEKOR) 404 vermez
[10/50] [chromium] › tests/02-navigation.spec.ts:68:7 › 02 - Navigasyon ve rota sağlığı › boş kategoriler kayıt altında (dolan listeden çıkarılmalı)
[11/50] [chromium] › tests/02-navigation.spec.ts:84:7 › 02 - Navigasyon ve rota sağlığı › logo anasayfaya döner
[12/50] [chromium] › tests/03-category-listing.spec.ts:8:7 › 03 - Kategori / liste sayfası › ürün listesi render olur, sayaç ve kartlar tutarlı
[13/50] [chromium] › tests/03-category-listing.spec.ts:21:7 › 03 - Kategori / liste sayfası › ürün kartından detay sayfasına gidilir
[14/50] [chromium] › tests/03-category-listing.spec.ts:32:7 › 03 - Kategori / liste sayfası › filtre paneli açılır ve filtre grupları listelenir
[15/50] [chromium] › tests/03-category-listing.spec.ts:42:7 › 03 - Kategori / liste sayfası › filtre grubu genişletilip 'ÜRÜNÜ GÖSTER' ile uygulanır
  2) [chromium] › tests/03-category-listing.spec.ts:42:7 › 03 - Kategori / liste sayfası › filtre grubu genişletilip 'ÜRÜNÜ GÖSTER' ile uygulanır 

    TimeoutError: locator.click: Timeout 10000ms exceeded.
    Call log:
      - waiting for locator('button:visible:has-text("Kategori")').first()
        - locator resolved to <button type="button" aria-expanded="false" aria-label="Kategoriler" class="flex items-center outline-none ring-0 focus:outline-none focus:ring-0 focus-visible:outline-none focus-visible:ring-1 focus-visible:ring-[#111]/30 [-webkit-tap-highlight-color:transparent]">…</button>
      - attempting click action
        2 × waiting for element to be visible, enabled and stable
          - element is visible, enabled and stable
          - scrolling into view if needed
          - done scrolling
          - <div class="flex min-h-0 min-w-0 flex-1 flex-col overflow-x-hidden overflow-y-auto px-6 py-2">…</div> from <div class="min-h-screen bg-white">…</div> subtree intercepts pointer events
        - retrying click action
        - waiting 20ms
        - waiting for element to be visible, enabled and stable
        - element is visible, enabled and stable
        - scrolling into view if needed
        - done scrolling
        - <div class="flex min-h-0 min-w-0 flex-1 flex-col overflow-x-hidden overflow-y-auto px-6 py-2">…</div> from <div class="min-h-screen bg-white">…</div> subtree intercepts pointer events
      2 × retrying click action
          - waiting 100ms
          - waiting for element to be visible, enabled and stable
          - element is visible, enabled and stable
          - scrolling into view if needed
          - done scrolling
          - <h2 class="font-sans text-base font-normal leading-6 text-[#111]">FİLTRELER</h2> from <div class="min-h-screen bg-white">…</div> subtree intercepts pointer events
      4 × retrying click action
          - waiting 500ms
          - waiting for element to be visible, enabled and stable
          - element is visible, enabled and stable
          - scrolling into view if needed
          - done scrolling
          - <div class="flex min-h-0 min-w-0 flex-1 flex-col overflow-x-hidden overflow-y-auto px-6 py-2">…</div> from <div class="min-h-screen bg-white">…</div> subtree intercepts pointer events
        - retrying click action
          - waiting 500ms
          - waiting for element to be visible, enabled and stable
          - element is visible, enabled and stable
          - scrolling into view if needed
          - done scrolling
          - <div class="flex min-h-0 min-w-0 flex-1 flex-col overflow-x-hidden overflow-y-auto px-6 py-2">…</div> from <div class="min-h-screen bg-white">…</div> subtree intercepts pointer events
        - retrying click action
          - waiting 500ms
          - waiting for element to be visible, enabled and stable
          - element is visible, enabled and stable
          - scrolling into view if needed
          - done scrolling
          - <h2 class="font-sans text-base font-normal leading-6 text-[#111]">FİLTRELER</h2> from <div class="min-h-screen bg-white">…</div> subtree intercepts pointer events
        - retrying click action
          - waiting 500ms
          - waiting for element to be visible, enabled and stable
          - element is visible, enabled and stable
          - scrolling into view if needed
          - done scrolling
          - <h2 class="font-sans text-base font-normal leading-6 text-[#111]">FİLTRELER</h2> from <div class="min-h-screen bg-white">…</div> subtree intercepts pointer events
      2 × retrying click action
          - waiting 500ms
          - waiting for element to be visible, enabled and stable
          - element is visible, enabled and stable
          - scrolling into view if needed
          - done scrolling
          - <div class="flex min-h-0 min-w-0 flex-1 flex-col overflow-x-hidden overflow-y-auto px-6 py-2">…</div> from <div class="min-h-screen bg-white">…</div> subtree intercepts pointer events
      - retrying click action
        - waiting 500ms


       at ../pages/CategoryPage.ts:54

      52 |   /** Filtre panelindeki grubu açar: "Kategori" | "Renk" | "Malzeme" | "Fiyat" ... */
      53 |   async expandFilterGroup(name: string) {
    > 54 |     await this.page.locator(`button:visible:has-text("${name}")`).first().click({ timeout: 10_000 });
         |                                                                           ^
      55 |     await this.page.waitForTimeout(1200);
      56 |   }
      57 |
        at CategoryPage.expandFilterGroup (/Users/macbookair/Desktop/homee-tests/pages/CategoryPage.ts:54:75)
        at /Users/macbookair/Desktop/homee-tests/tests/03-category-listing.spec.ts:49:15

    attachment #1: screenshot (image/png) ──────────────────────────────────────────────────────────
    test-results/03-category-listing-03---K-3a7c0--ÜRÜNÜ-GÖSTER-ile-uygulanır-chromium/test-failed-1.png
    ────────────────────────────────────────────────────────────────────────────────────────────────

    Error Context: test-results/03-category-listing-03---K-3a7c0--ÜRÜNÜ-GÖSTER-ile-uygulanır-chromium/error-context.md


[16/50] [chromium] › tests/03-category-listing.spec.ts:69:7 › 03 - Kategori / liste sayfası › sıralama seçenekleri açılır
[chromium] › tests/03-category-listing.spec.ts:69:7 › 03 - Kategori / liste sayfası › sıralama seçenekleri açılır
  sıralama seçenekleri: Fiyat | Sırala: Önerilen | Önerilen | Alfabetik A-Z | En Düşük Fiyat | En Yüksek Fiyat | En Yüksek İndirim | En Düşük İndirim | En çok satanlar

[17/50] [chromium] › tests/03-category-listing.spec.ts:78:7 › 03 - Kategori / liste sayfası › 'DAHA FAZLA GÖSTER' listeyi büyütür
[18/50] [chromium] › tests/03-category-listing.spec.ts:88:7 › 03 - Kategori / liste sayfası › ürün dönen tüm kategori rotaları kart gösteriyor
[19/50] [chromium] › tests/04-search.spec.ts:6:7 › 04 - Arama › header aramasıyla sonuç sayfasına gidilir
  3) [chromium] › tests/04-search.spec.ts:6:7 › 04 - Arama › header aramasıyla sonuç sayfasına gidilir 

    TimeoutError: locator.fill: Timeout 20000ms exceeded.
    Call log:
      - waiting for locator('input[type="search"]:visible, input[placeholder*="Ara"]:visible').first()


       at ../pages/BasePage.ts:110

      108 |   async search(term: string) {
      109 |     await this.openSearch();
    > 110 |     await this.searchInput.fill(term);
          |                            ^
      111 |     await this.searchInput.press("Enter");
      112 |     await this.settle(2500);
      113 |   }
        at CategoryPage.search (/Users/macbookair/Desktop/homee-tests/pages/BasePage.ts:110:28)
        at /Users/macbookair/Desktop/homee-tests/tests/04-search.spec.ts:9:5

    attachment #1: screenshot (image/png) ──────────────────────────────────────────────────────────
    test-results/04-search-04---Arama-heade-2a541-yla-sonuç-sayfasına-gidilir-chromium/test-failed-1.png
    ────────────────────────────────────────────────────────────────────────────────────────────────

    Error Context: test-results/04-search-04---Arama-heade-2a541-yla-sonuç-sayfasına-gidilir-chromium/error-context.md


[20/50] [chromium] › tests/04-search.spec.ts:17:7 › 04 - Arama › arama sonucu başlığı sorguyu ve adedi gösterir
[21/50] [chromium] › tests/04-search.spec.ts:26:7 › 04 - Arama › sonuç dönmeyen arama boş durum gösterir, hata vermez
  4) [chromium] › tests/04-search.spec.ts:26:7 › 04 - Arama › sonuç dönmeyen arama boş durum gösterir, hata vermez 

    Error: expect(received).toHaveLength(expected)

    Expected length: 0
    Received length: 8
    Received array:  ["https://prod.tepehome.com.tr/vegas-sandalye-p-1009610?recommended_by=dynamic&recommended_code=5b4ba183f20fe44109f5562c79f52d2e", "https://prod.tepehome.com.tr/ahsap-dekoratif-obje-37x9x37-cm-p-2058283?recommended_by=dynamic&recommended_code=5b4ba183f20fe44109f5562c79f52d2e", "https://prod.tepehome.com.tr/santo-sandalye-p-1009600?recommended_by=dynamic&recommended_code=5b4ba183f20fe44109f5562c79f52d2e", "https://prod.tepehome.com.tr/gold-pileli-dekoratif-kirlent-30x50-p-2058644?recommended_by=dynamic&recommended_code=5b4ba183f20fe44109f5562c79f52d2e", "https://prod.tepehome.com.tr/barboros-bar-sandalyesi-p-1009605?recommended_by=dynamic&recommended_code=5b4ba183f20fe44109f5562c79f52d2e", "https://prod.tepehome.com.tr/marine-berjer-p-1003172?recommended_by=dynamic&recommended_code=5b4ba183f20fe44109f5562c79f52d2e", "https://prod.tepehome.com.tr/dk-9121-cicek1-yb-tablo-p-2017971?recommended_by=dynamic&recommended_code=5b4ba183f20fe44109f5562c79f52d2e", "https://prod.tepehome.com.tr/gio-sehpa-p-1003161?recommended_by=dynamic&recommended_code=5b4ba183f20fe44109f5562c79f52d2e"]

      29 |
      30 |     await cat.assertNotNotFound();
    > 31 |     expect(await cat.uniqueProductSlugs()).toHaveLength(0);
         |                                            ^
      32 |     const body = await page.locator("body").innerText();
      33 |     expect(body, "boş sonuç mesajı gösterilmiyor").toMatch(/bulunamadı|sonuç yok|0 ürün/i);
      34 |   });
        at /Users/macbookair/Desktop/homee-tests/tests/04-search.spec.ts:31:44

    attachment #1: screenshot (image/png) ──────────────────────────────────────────────────────────
    test-results/04-search-04---Arama-sonuç-6202d--durum-gösterir-hata-vermez-chromium/test-failed-1.png
    ────────────────────────────────────────────────────────────────────────────────────────────────

    Error Context: test-results/04-search-04---Arama-sonuç-6202d--durum-gösterir-hata-vermez-chromium/error-context.md


[22/50] [chromium] › tests/04-search.spec.ts:36:7 › 04 - Arama › arama sonucundan ürün detayına gidilir
[23/50] [chromium] › tests/05-product-detail.spec.ts:7:7 › 05 - Ürün detay › başlık, ürün kodu ve fiyat görünür
[24/50] [chromium] › tests/05-product-detail.spec.ts:24:7 › 05 - Ürün detay › ürün detay sekmeleri açılır (Açıklama / Ölçüler / Teslimat)
[25/50] [chromium] › tests/05-product-detail.spec.ts:34:7 › 05 - Ürün detay › taksit seçenekleri açılır
[26/50] [chromium] › tests/05-product-detail.spec.ts:48:7 › 05 - Ürün detay › SEPETE EKLE butonu aktif ve ürün görseli yüklü
  5) [chromium] › tests/05-product-detail.spec.ts:48:7 › 05 - Ürün detay › SEPETE EKLE butonu aktif ve ürün görseli yüklü 

    Test timeout of 45000ms exceeded while setting up "context".

    Error: browser.newContext: Test ended.

    Error Context: test-results/05-product-detail-05---Ürü-7c62b-aktif-ve-ürün-görseli-yüklü-chromium/error-context.md


[27/50] [chromium] › tests/05-product-detail.spec.ts:65:7 › 05 - Ürün detay › ürün detayda uygulama kaynaklı konsol hatası yok
  6) [chromium] › tests/05-product-detail.spec.ts:65:7 › 05 - Ürün detay › ürün detayda uygulama kaynaklı konsol hatası yok 

    Error: Konsol hataları:
    pageerror: parameters is not iterable

    expect(received).toHaveLength(expected)

    Expected length: 0
    Received length: 1
    Received array:  ["pageerror: parameters is not iterable"]

      70 |
      71 |     const appErrors = BasePage.appErrorsOnly(errors);
    > 72 |     expect(appErrors, `Konsol hataları:\n${appErrors.join("\n")}`).toHaveLength(0);
         |                                                                    ^
      73 |   });
      74 | });
      75 |
        at /Users/macbookair/Desktop/homee-tests/tests/05-product-detail.spec.ts:72:68

    attachment #1: screenshot (image/png) ──────────────────────────────────────────────────────────
    test-results/05-product-detail-05---Ürü-7a33a--kaynaklı-konsol-hatası-yok-chromium/test-failed-1.png
    ────────────────────────────────────────────────────────────────────────────────────────────────

    Error Context: test-results/05-product-detail-05---Ürü-7a33a--kaynaklı-konsol-hatası-yok-chromium/error-context.md


[28/50] [chromium] › tests/06-cart.spec.ts:19:7 › 06 - Sepet › ürün sepete eklenir ve sepette doğru satır görünür
  7) [chromium] › tests/06-cart.spec.ts:19:7 › 06 - Sepet › ürün sepete eklenir ve sepette doğru satır görünür 

    Error: sepete eklenen ürün sepette görünmüyor

    expect(received).toBe(expected) // Object.is equality

    Expected: 1
    Received: 0

      31 |
      32 |     await expect(cart.heading).toBeVisible();
    > 33 |     expect(await cart.lineCount(), "sepete eklenen ürün sepette görünmüyor").toBe(1);
         |                                                                              ^
      34 |
      35 |     const body = await page.locator("body").innerText();
      36 |     expect(body, "sepette ürün adı yok").toContain(title.split(" ").slice(0, 3).join(" "));
        at /Users/macbookair/Desktop/homee-tests/tests/06-cart.spec.ts:33:78

    attachment #1: screenshot (image/png) ──────────────────────────────────────────────────────────
    test-results/06-cart-06---Sepet-ürün-se-4d8b7-sepette-doğru-satır-görünür-chromium/test-failed-1.png
    ────────────────────────────────────────────────────────────────────────────────────────────────

    Error Context: test-results/06-cart-06---Sepet-ürün-se-4d8b7-sepette-doğru-satır-görünür-chromium/error-context.md


[29/50] [chromium] › tests/06-cart.spec.ts:41:7 › 06 - Sepet › adet artırma ara toplamı doğru büyütür
[30/50] [chromium] › tests/06-cart.spec.ts:62:7 › 06 - Sepet › adet azaltma ara toplamı geri düşürür
[31/50] [chromium] › tests/06-cart.spec.ts:78:7 › 06 - Sepet › sipariş özeti: ara toplam + teslimat = toplam
[32/50] [chromium] › tests/06-cart.spec.ts:96:7 › 06 - Sepet › ürün sepetten silinir ve sepet boşalır
[33/50] [chromium] › tests/06-cart.spec.ts:112:7 › 06 - Sepet › boş sepette ödeme butonu yok, alışverişe devam bağlantısı var
[34/50] [chromium] › tests/06-cart.spec.ts:122:7 › 06 - Sepet › iki farklı ürün sepette iki satır oluşturur
[35/50] [chromium] › tests/07-stores.spec.ts:5:7 › 07 - Mağazalar › mağaza listesi yüklenir
[36/50] [chromium] › tests/07-stores.spec.ts:15:7 › 07 - Mağazalar › mağaza arama listeyi filtreler
  8) [chromium] › tests/07-stores.spec.ts:15:7 › 07 - Mağazalar › mağaza arama listeyi filtreler ───

    Error: arama listeyi hiç etkilemedi

    expect(received).toBeLessThan(expected)

    Expected: < 3
    Received:   3

      21 |     const after = await stores.storeNames();
      22 |
    > 23 |     expect(after.length, "arama listeyi hiç etkilemedi").toBeLessThan(before.length);
         |                                                          ^
      24 |     await stores.assertNotNotFound();
      25 |   });
      26 | });
        at /Users/macbookair/Desktop/homee-tests/tests/07-stores.spec.ts:23:58

    attachment #1: screenshot (image/png) ──────────────────────────────────────────────────────────
    test-results/07-stores-07---Mağazalar-mağaza-arama-listeyi-filtreler-chromium/test-failed-1.png
    ────────────────────────────────────────────────────────────────────────────────────────────────

    Error Context: test-results/07-stores-07---Mağazalar-mağaza-arama-listeyi-filtreler-chromium/error-context.md


[37/50] [chromium] › tests/08-static-pages.spec.ts:7:9 › 08 - Statik / kurumsal sayfalar › /magazalar açılır ve doğru başlığı gösterir
[38/50] [chromium] › tests/08-static-pages.spec.ts:7:9 › 08 - Statik / kurumsal sayfalar › /iletisim açılır ve doğru başlığı gösterir
[39/50] [chromium] › tests/08-static-pages.spec.ts:7:9 › 08 - Statik / kurumsal sayfalar › /blogs açılır ve doğru başlığı gösterir
[40/50] [chromium] › tests/08-static-pages.spec.ts:7:9 › 08 - Statik / kurumsal sayfalar › /sikca-sorulan-sorular açılır ve doğru başlığı gösterir
[41/50] [chromium] › tests/08-static-pages.spec.ts:7:9 › 08 - Statik / kurumsal sayfalar › /hakkimizda açılır ve doğru başlığı gösterir
[42/50] [chromium] › tests/08-static-pages.spec.ts:7:9 › 08 - Statik / kurumsal sayfalar › /bilkent-holding açılır ve doğru başlığı gösterir
[43/50] [chromium] › tests/08-static-pages.spec.ts:7:9 › 08 - Statik / kurumsal sayfalar › /etik-politikamiz açılır ve doğru başlığı gösterir
[44/50] [chromium] › tests/08-static-pages.spec.ts:7:9 › 08 - Statik / kurumsal sayfalar › /insan-kaynaklari açılır ve doğru başlığı gösterir
[45/50] [chromium] › tests/08-static-pages.spec.ts:7:9 › 08 - Statik / kurumsal sayfalar › /kvkk-aydinlatma-metni açılır ve doğru başlığı gösterir
[46/50] [chromium] › tests/08-static-pages.spec.ts:7:9 › 08 - Statik / kurumsal sayfalar › /privacy açılır ve doğru başlığı gösterir
[47/50] [chromium] › tests/08-static-pages.spec.ts:19:7 › 08 - Statik / kurumsal sayfalar › statik sayfalarda kırık görsel yok
  9) [chromium] › tests/08-static-pages.spec.ts:19:7 › 08 - Statik / kurumsal sayfalar › statik sayfalarda kırık görsel yok 

    Error: kırık görseller:
    /magazalar: https://storage.googleapis.com/tepehome-test-cdn/uploads/images/images/1009341-2.jpg

    expect(received).toHaveLength(expected)

    Expected length: 0
    Received length: 1
    Received array:  ["/magazalar: https://storage.googleapis.com/tepehome-test-cdn/uploads/images/images/1009341-2.jpg"]

      33 |     }
      34 |
    > 35 |     expect(problems, `kırık görseller:\n${problems.join("\n")}`).toHaveLength(0);
         |                                                                  ^
      36 |   });
      37 | });
      38 |
        at /Users/macbookair/Desktop/homee-tests/tests/08-static-pages.spec.ts:35:66

    attachment #1: screenshot (image/png) ──────────────────────────────────────────────────────────
    test-results/08-static-pages-08---Stati-9b2ef-sayfalarda-kırık-görsel-yok-chromium/test-failed-1.png
    ────────────────────────────────────────────────────────────────────────────────────────────────

    Error Context: test-results/08-static-pages-08---Stati-9b2ef-sayfalarda-kırık-görsel-yok-chromium/error-context.md


[48/50] [chromium] › tests/09-forms.spec.ts:10:7 › 09 - Formlar (validasyon) › bülten aboneliği geçersiz e-postayı reddeder
[49/50] [chromium] › tests/09-forms.spec.ts:25:7 › 09 - Formlar (validasyon) › iletişim sayfası formu render olur
[50/50] [chromium] › tests/09-forms.spec.ts:34:7 › 09 - Formlar (validasyon) › iletişim formu boş gönderimde validasyon gösterir
  10) [chromium] › tests/09-forms.spec.ts:34:7 › 09 - Formlar (validasyon) › iletişim formu boş gönderimde validasyon gösterir 

    Error: boş gönderimde validasyon çıkmadı

    expect(received).toMatch(expected)

    Expected pattern: /zorunlu|gerekli|giriniz|boş bırak|doldur/i
    Received string:  "Ücretsiz teslimat   •   Mağaza randevusu   •   30 gün kolay iade·
    Detaylar
    KATEGORİLER
    MOBİLYA
    EVDEKOR
    ANA SAYFA
    /
    İLETİŞİM
    Sizden Haber Almak İsteriz·
    Sorularınız, önerileriniz veya iş birliği talepleriniz için bize aşağıdaki iletişim kanallarımızdan ulaşabilirsiniz.·
    Bize Yazın
    Konu *
    Genel Soru
    Adınız
    Soyadınız
    E-posta adresiniz
    Mesajınız
    Gizlilik Politikasını Okudum ve Kabul Ediyorum.·
    Gizlilik politikasını kabul etmelisiniz.·
    GÖNDER·
    FİRMA ÜNVANI·
    TEPE HOME MOBİLYA VE DEKORASYON ÜRÜNLERİ SAN. TİC. A.Ş.·
    Beytepe Köyü Yolu No:5 06800 Bilkent-Çankaya/ANKARA·
    MÜŞTERİ HİZMETLERİ·
    0850 255 47 47·
    E-POSTA·
    iletisim@tepehome.com.tr·
    YARDIMCI BAĞLANTILAR·
    Mağazalarımız
    ·
    SSS
    ·
    Sipariş Takip·
    PEŞİN FİYATINA TAKSİT
    HIZLI TESLİMAT
    ÜCRETSİZ KURULUM
    GÜVENLİ ALIŞVERİŞ
    KOLAY İADE·
    TEPE HOME JOURNAL·
    #TepeHomeTarzi·
    Evinizden kareleri bizimle paylaşın; sakin, zamansız ve yaşanabilir alanlara ilham verin.·
    KURUMSAL
    Hakkımızda
    Bilkent Holding
    Çerez Politikası
    Etik Politikamız
    İnsan Kaynakları
    Sözleşmeler
    KVKK Aydınlatma Metni
    İLETİŞİM
    Bize Ulaşın
    Kampanyalar
    Sipariş & Teslimat
    İade
    SSS
    BLOG
    Küçük Mekanlar
    Bahçe Mobilyaları
    YARDIM MERKEZİ
    0850 255 47 47·
    Tepe Home Mobil Uygulama·
    Kampanyalardan ilk siz haberdar olun, siparişlerinizi kolayca takip edin.·
    Google Play
    'den indir
    App Store
    'dan indir
    E-posta adresiniz
    ABONE OL·
    Tepe Home bir Bilkent Holding Şirketidir·
    Mesafeli Satış Sözleşmesi
    İade Politikası
    Gizlilik Politikası
    KVKK
    İletişim·
    © 2026 Tepe Home. Tüm hakları saklıdır·
    Powered by"

      46 |
      47 |     const body = await page.locator("body").innerText();
    > 48 |     expect(body, "boş gönderimde validasyon çıkmadı").toMatch(
         |                                                       ^
      49 |       /zorunlu|gerekli|giriniz|boş bırak|doldur/i,
      50 |     );
      51 |   });
        at /Users/macbookair/Desktop/homee-tests/tests/09-forms.spec.ts:48:55

    attachment #1: screenshot (image/png) ──────────────────────────────────────────────────────────
    test-results/09-forms-09---Formlar-vali-03df7-derimde-validasyon-gösterir-chromium/test-failed-1.png
    ────────────────────────────────────────────────────────────────────────────────────────────────

    Error Context: test-results/09-forms-09---Formlar-vali-03df7-derimde-validasyon-gösterir-chromium/error-context.md


  10 failed
    [chromium] › tests/01-homepage.spec.ts:15:7 › 01 - Anasayfa › ürün kartları render olur ve ürün detayına gider 
    [chromium] › tests/03-category-listing.spec.ts:42:7 › 03 - Kategori / liste sayfası › filtre grubu genişletilip 'ÜRÜNÜ GÖSTER' ile uygulanır 
    [chromium] › tests/04-search.spec.ts:6:7 › 04 - Arama › header aramasıyla sonuç sayfasına gidilir 
    [chromium] › tests/04-search.spec.ts:26:7 › 04 - Arama › sonuç dönmeyen arama boş durum gösterir, hata vermez 
    [chromium] › tests/05-product-detail.spec.ts:48:7 › 05 - Ürün detay › SEPETE EKLE butonu aktif ve ürün görseli yüklü 
    [chromium] › tests/05-product-detail.spec.ts:65:7 › 05 - Ürün detay › ürün detayda uygulama kaynaklı konsol hatası yok 
    [chromium] › tests/06-cart.spec.ts:19:7 › 06 - Sepet › ürün sepete eklenir ve sepette doğru satır görünür 
    [chromium] › tests/07-stores.spec.ts:15:7 › 07 - Mağazalar › mağaza arama listeyi filtreler ────
    [chromium] › tests/08-static-pages.spec.ts:19:7 › 08 - Statik / kurumsal sayfalar › statik sayfalarda kırık görsel yok 
    [chromium] › tests/09-forms.spec.ts:34:7 › 09 - Formlar (validasyon) › iletişim formu boş gönderimde validasyon gösterir 
  40 passed (23.2m)
EXIT=1
