
🔐 Homee auth kurulumu — env=test → https://redesign-prod.test.tepehome.com.tr
  ✓ Mevcut kapı state'i geçerli
  ↻ Üye oturumu geçersiz, yeniden login
  ✓ Üye state yazıldı → playwright/.auth/test-user.json


Running 51 tests using 1 worker

[1/51] [chromium] › tests/01-homepage.spec.ts:6:7 › 01 - Anasayfa › anasayfa yüklenir, başlık ve bilgi şeridi görünür
[2/51] [chromium] › tests/01-homepage.spec.ts:15:7 › 01 - Anasayfa › ürün kartları render olur ve ürün detayına gider
[3/51] [chromium] › tests/01-homepage.spec.ts:31:7 › 01 - Anasayfa › header öğeleri mevcut (kategoriler, arama, sepet, giriş, mağazalar)
[4/51] [chromium] › tests/01-homepage.spec.ts:42:7 › 01 - Anasayfa › footer bülten alanı ve başa dön butonu çalışır
[5/51] [chromium] › tests/01-homepage.spec.ts:55:7 › 01 - Anasayfa › anasayfada uygulama kaynaklı konsol hatası yok
[6/51] [chromium] › tests/02-navigation.spec.ts:8:7 › 02 - Navigasyon ve rota sağlığı › mega menü açılır ve kategori linkleri listelenir
[7/51] [chromium] › tests/02-navigation.spec.ts:17:7 › 02 - Navigasyon ve rota sağlığı › menüdeki tüm kategori rotaları açılır (404 yok)
[8/51] [chromium] › tests/02-navigation.spec.ts:35:7 › 02 - Navigasyon ve rota sağlığı › bilinen kırık linkler kayıt altında (düzelen listeden çıkarılmalı)
[9/51] [chromium] › tests/02-navigation.spec.ts:51:7 › 02 - Navigasyon ve rota sağlığı › header ana menü linkleri (MOBİLYA / EVDEKOR) 404 vermez
[10/51] [chromium] › tests/02-navigation.spec.ts:69:7 › 02 - Navigasyon ve rota sağlığı › boş kategoriler kayıt altında (dolan listeden çıkarılmalı)
[11/51] [chromium] › tests/02-navigation.spec.ts:85:7 › 02 - Navigasyon ve rota sağlığı › logo anasayfaya döner
[12/51] [chromium] › tests/02-navigation.spec.ts:100:7 › 02b - Domain sızması › test ortamı sayfaları prod domain'ine link vermiyor
  1) [chromium] › tests/02-navigation.spec.ts:100:7 › 02b - Domain sızması › test ortamı sayfaları prod domain'ine link vermiyor 

    Expected to fail, but passed.

    attachment #1: screenshot (image/png) ──────────────────────────────────────────────────────────
    test-results/02-navigation-02b---Domain-ee374-od-domain-ine-link-vermiyor-chromium/test-failed-1.png
    ────────────────────────────────────────────────────────────────────────────────────────────────


[13/51] [chromium] › tests/03-category-listing.spec.ts:8:7 › 03 - Kategori / liste sayfası › ürün listesi render olur, sayaç ve kartlar tutarlı
[14/51] [chromium] › tests/03-category-listing.spec.ts:21:7 › 03 - Kategori / liste sayfası › ürün kartından detay sayfasına gidilir
[15/51] [chromium] › tests/03-category-listing.spec.ts:32:7 › 03 - Kategori / liste sayfası › filtre paneli açılır ve filtre grupları listelenir
  2) [chromium] › tests/03-category-listing.spec.ts:32:7 › 03 - Kategori / liste sayfası › filtre paneli açılır ve filtre grupları listelenir 

    Error: expect(locator).toBeVisible() failed

    Locator: locator('button:visible:has-text("Temizle"), button:visible:has-text("TEMİZLE")').first()
    Expected: visible
    Timeout: 5000ms
    Error: element(s) not found

    Call log:
      - Expect "toBeVisible" with timeout 5000ms
      - waiting for locator('button:visible:has-text("Temizle"), button:visible:has-text("TEMİZLE")').first()


      37 |     const groups = await cat.filterGroupNames();
      38 |     expect(groups.length, "filtre grubu bulunamadı").toBeGreaterThan(1);
    > 39 |     await expect(cat.clearFiltersButton).toBeVisible();
         |                                          ^
      40 |   });
      41 |
      42 |   test("filtre grubu genişletilir, seçenek işaretlenip uygulanır", async ({ page }) => {
        at /Users/macbookair/Desktop/homee-tests/tests/03-category-listing.spec.ts:39:42

    attachment #1: screenshot (image/png) ──────────────────────────────────────────────────────────
    test-results/03-category-listing-03---K-5f0d3--filtre-grupları-listelenir-chromium/test-failed-1.png
    ────────────────────────────────────────────────────────────────────────────────────────────────

    Error Context: test-results/03-category-listing-03---K-5f0d3--filtre-grupları-listelenir-chromium/error-context.md


[16/51] [chromium] › tests/03-category-listing.spec.ts:42:7 › 03 - Kategori / liste sayfası › filtre grubu genişletilir, seçenek işaretlenip uygulanır
[chromium] › tests/03-category-listing.spec.ts:42:7 › 03 - Kategori / liste sayfası › filtre grubu genişletilir, seçenek işaretlenip uygulanır
  filtre: 12 → 1 ürün | seçenekler: BEYAZ, GRİ, KAHVERENGİ, SİYAH

[17/51] [chromium] › tests/03-category-listing.spec.ts:69:7 › 03 - Kategori / liste sayfası › sıralama seçenekleri açılır
[chromium] › tests/03-category-listing.spec.ts:69:7 › 03 - Kategori / liste sayfası › sıralama seçenekleri açılır
  sıralama seçenekleri: Fiyat | Sırala: Önerilen | Önerilen | Alfabetik A-Z | En Düşük Fiyat | En Yüksek Fiyat | En Yüksek İndirim | En Düşük İndirim | En çok satanlar

[18/51] [chromium] › tests/03-category-listing.spec.ts:78:7 › 03 - Kategori / liste sayfası › 'DAHA FAZLA GÖSTER' listeyi büyütür
[19/51] [chromium] › tests/03-category-listing.spec.ts:88:7 › 03 - Kategori / liste sayfası › ürün dönen tüm kategori rotaları kart gösteriyor
[20/51] [chromium] › tests/04-search.spec.ts:6:7 › 04 - Arama › header aramasıyla sonuç sayfasına gidilir
  3) [chromium] › tests/04-search.spec.ts:6:7 › 04 - Arama › header aramasıyla sonuç sayfasına gidilir 

    Error: https://redesign-prod.test.tepehome.com.tr/arama?q=koltuk → ürün kartı bulunamadı

    expect(received).toBeGreaterThanOrEqual(expected)

    Expected: >= 5
    Received:    0

       at ../pages/CategoryPage.ts:153

      151 |   async assertHasProducts(min = 1) {
      152 |     const slugs = await this.uniqueProductSlugs();
    > 153 |     expect(slugs.length, `${this.page.url()} → ürün kartı bulunamadı`).toBeGreaterThanOrEqual(min);
          |                                                                        ^
      154 |   }
      155 | }
      156 |
        at CategoryPage.assertHasProducts (/Users/macbookair/Desktop/homee-tests/pages/CategoryPage.ts:153:72)
        at /Users/macbookair/Desktop/homee-tests/tests/04-search.spec.ts:14:5

    attachment #1: screenshot (image/png) ──────────────────────────────────────────────────────────
    test-results/04-search-04---Arama-heade-2a541-yla-sonuç-sayfasına-gidilir-chromium/test-failed-1.png
    ────────────────────────────────────────────────────────────────────────────────────────────────

    Error Context: test-results/04-search-04---Arama-heade-2a541-yla-sonuç-sayfasına-gidilir-chromium/error-context.md


[21/51] [chromium] › tests/04-search.spec.ts:17:7 › 04 - Arama › arama sonucu başlığı sorguyu ve adedi gösterir
[22/51] [chromium] › tests/04-search.spec.ts:26:7 › 04 - Arama › sonuç dönmeyen arama boş durum gösterir, hata vermez
[23/51] [chromium] › tests/04-search.spec.ts:36:7 › 04 - Arama › arama sonucundan ürün detayına gidilir
  4) [chromium] › tests/04-search.spec.ts:36:7 › 04 - Arama › arama sonucundan ürün detayına gidilir 

    Error: expect(received).toBeGreaterThan(expected)

    Expected: > 0
    Received:   0

      39 |
      40 |     const slugs = await cat.uniqueProductSlugs();
    > 41 |     expect(slugs.length).toBeGreaterThan(0);
         |                          ^
      42 |     await cat.open(slugs[0]);
      43 |     await cat.assertNotNotFound();
      44 |     expect(page.url()).toContain("-p-");
        at /Users/macbookair/Desktop/homee-tests/tests/04-search.spec.ts:41:26

    attachment #1: screenshot (image/png) ──────────────────────────────────────────────────────────
    test-results/04-search-04---Arama-arama-sonucundan-ürün-detayına-gidilir-chromium/test-failed-1.png
    ────────────────────────────────────────────────────────────────────────────────────────────────

    Error Context: test-results/04-search-04---Arama-arama-sonucundan-ürün-detayına-gidilir-chromium/error-context.md


[24/51] [chromium] › tests/05-product-detail.spec.ts:8:7 › 05 - Ürün detay › başlık, ürün kodu ve fiyat görünür
[25/51] [chromium] › tests/05-product-detail.spec.ts:25:7 › 05 - Ürün detay › ürün detay sekmeleri açılır (Açıklama / Ölçüler / Teslimat)
[26/51] [chromium] › tests/05-product-detail.spec.ts:35:7 › 05 - Ürün detay › taksit seçenekleri açılır
[27/51] [chromium] › tests/05-product-detail.spec.ts:49:7 › 05 - Ürün detay › SEPETE EKLE butonu aktif ve ürün görseli yüklü
[28/51] [chromium] › tests/05-product-detail.spec.ts:67:7 › 05 - Ürün detay › ürün detayda uygulama kaynaklı konsol hatası yok
[29/51] [chromium] › tests/06-cart.spec.ts:19:7 › 06 - Sepet › ürün sepete eklenir ve sepette doğru satır görünür
[30/51] [chromium] › tests/06-cart.spec.ts:41:7 › 06 - Sepet › adet artırma ara toplamı doğru büyütür
[31/51] [chromium] › tests/06-cart.spec.ts:62:7 › 06 - Sepet › adet azaltma ara toplamı geri düşürür
[32/51] [chromium] › tests/06-cart.spec.ts:78:7 › 06 - Sepet › sipariş özeti: ara toplam + teslimat = toplam
  5) [chromium] › tests/06-cart.spec.ts:78:7 › 06 - Sepet › sipariş özeti: ara toplam + teslimat = toplam 

    Error: ara toplam okunamadı

    expect(received).not.toBeNull()

    Received: null

      89 |     const total = await cart.total();
      90 |
    > 91 |     expect(sub, "ara toplam okunamadı").not.toBeNull();
         |                                             ^
      92 |     expect(total, "toplam okunamadı").not.toBeNull();
      93 |     expect(total, `${sub} + ${ship} ≠ ${total}`).toBeCloseTo((sub ?? 0) + (ship ?? 0), 2);
      94 |   });
        at /Users/macbookair/Desktop/homee-tests/tests/06-cart.spec.ts:91:45

    attachment #1: screenshot (image/png) ──────────────────────────────────────────────────────────
    test-results/06-cart-06---Sepet-sipariş-özeti-ara-toplam-teslimat-toplam-chromium/test-failed-1.png
    ────────────────────────────────────────────────────────────────────────────────────────────────

    Error Context: test-results/06-cart-06---Sepet-sipariş-özeti-ara-toplam-teslimat-toplam-chromium/error-context.md


[33/51] [chromium] › tests/06-cart.spec.ts:96:7 › 06 - Sepet › ürün sepetten silinir ve sepet boşalır
[34/51] [chromium] › tests/06-cart.spec.ts:112:7 › 06 - Sepet › boş sepette ödeme butonu yok, alışverişe devam bağlantısı var
[35/51] [chromium] › tests/06-cart.spec.ts:122:7 › 06 - Sepet › iki farklı ürün sepette iki satır oluşturur
[36/51] [chromium] › tests/07-stores.spec.ts:5:7 › 07 - Mağazalar › mağaza listesi yüklenir
[chromium] › tests/07-stores.spec.ts:5:7 › 07 - Mağazalar › mağaza listesi yüklenir
  4 mağaza: Lefkoşa, Ana Lokasyon, tuğçe 1 aş, Ankara Depo

[37/51] [chromium] › tests/07-stores.spec.ts:16:7 › 07 - Mağazalar › mağaza arama listeyi filtreler
[38/51] [chromium] › tests/08-static-pages.spec.ts:8:9 › 08 - Statik / kurumsal sayfalar › /magazalar açılır ve doğru başlığı gösterir
[39/51] [chromium] › tests/08-static-pages.spec.ts:8:9 › 08 - Statik / kurumsal sayfalar › /iletisim açılır ve doğru başlığı gösterir
[40/51] [chromium] › tests/08-static-pages.spec.ts:8:9 › 08 - Statik / kurumsal sayfalar › /blogs açılır ve doğru başlığı gösterir
[41/51] [chromium] › tests/08-static-pages.spec.ts:8:9 › 08 - Statik / kurumsal sayfalar › /sikca-sorulan-sorular açılır ve doğru başlığı gösterir
[42/51] [chromium] › tests/08-static-pages.spec.ts:8:9 › 08 - Statik / kurumsal sayfalar › /hakkimizda açılır ve doğru başlığı gösterir
[43/51] [chromium] › tests/08-static-pages.spec.ts:8:9 › 08 - Statik / kurumsal sayfalar › /bilkent-holding açılır ve doğru başlığı gösterir
[44/51] [chromium] › tests/08-static-pages.spec.ts:8:9 › 08 - Statik / kurumsal sayfalar › /etik-politikamiz açılır ve doğru başlığı gösterir
[45/51] [chromium] › tests/08-static-pages.spec.ts:8:9 › 08 - Statik / kurumsal sayfalar › /insan-kaynaklari açılır ve doğru başlığı gösterir
[46/51] [chromium] › tests/08-static-pages.spec.ts:8:9 › 08 - Statik / kurumsal sayfalar › /kvkk-aydinlatma-metni açılır ve doğru başlığı gösterir
[47/51] [chromium] › tests/08-static-pages.spec.ts:8:9 › 08 - Statik / kurumsal sayfalar › /privacy açılır ve doğru başlığı gösterir
[48/51] [chromium] › tests/08-static-pages.spec.ts:21:7 › 08 - Statik / kurumsal sayfalar › statik sayfalarda kırık görsel yok
  6) [chromium] › tests/08-static-pages.spec.ts:21:7 › 08 - Statik / kurumsal sayfalar › statik sayfalarda kırık görsel yok 

    Expected to fail, but passed.

    attachment #1: screenshot (image/png) ──────────────────────────────────────────────────────────
    test-results/08-static-pages-08---Stati-9b2ef-sayfalarda-kırık-görsel-yok-chromium/test-failed-1.png
    ────────────────────────────────────────────────────────────────────────────────────────────────


[49/51] [chromium] › tests/09-forms.spec.ts:11:7 › 09 - Formlar (validasyon) › bülten aboneliği geçersiz e-postayı reddeder
[50/51] [chromium] › tests/09-forms.spec.ts:26:7 › 09 - Formlar (validasyon) › iletişim sayfası formu render olur
  7) [chromium] › tests/09-forms.spec.ts:26:7 › 09 - Formlar (validasyon) › iletişim sayfası formu render olur 

    Error: iletişim formunda alan bulunamadı

    expect(received).toBeGreaterThan(expected)

    Expected: > 1
    Received:   1

      30 |     await p.assertNotNotFound();
      31 |     const inputs = await page.locator("input:visible, textarea:visible").count();
    > 32 |     expect(inputs, "iletişim formunda alan bulunamadı").toBeGreaterThan(1);
         |                                                         ^
      33 |   });
      34 |
      35 |   /** BİLİNEN HATA HOMEE-003: boş gönderimde hiçbir geri bildirim yok */
        at /Users/macbookair/Desktop/homee-tests/tests/09-forms.spec.ts:32:57

    attachment #1: screenshot (image/png) ──────────────────────────────────────────────────────────
    test-results/09-forms-09---Formlar-vali-e9e3a-m-sayfası-formu-render-olur-chromium/test-failed-1.png
    ────────────────────────────────────────────────────────────────────────────────────────────────

    Error Context: test-results/09-forms-09---Formlar-vali-e9e3a-m-sayfası-formu-render-olur-chromium/error-context.md


[51/51] [chromium] › tests/09-forms.spec.ts:36:7 › 09 - Formlar (validasyon) › iletişim formu boş gönderimde validasyon gösterir
  7 failed
    [chromium] › tests/02-navigation.spec.ts:100:7 › 02b - Domain sızması › test ortamı sayfaları prod domain'ine link vermiyor 
    [chromium] › tests/03-category-listing.spec.ts:32:7 › 03 - Kategori / liste sayfası › filtre paneli açılır ve filtre grupları listelenir 
    [chromium] › tests/04-search.spec.ts:6:7 › 04 - Arama › header aramasıyla sonuç sayfasına gidilir 
    [chromium] › tests/04-search.spec.ts:36:7 › 04 - Arama › arama sonucundan ürün detayına gidilir 
    [chromium] › tests/06-cart.spec.ts:78:7 › 06 - Sepet › sipariş özeti: ara toplam + teslimat = toplam 
    [chromium] › tests/08-static-pages.spec.ts:21:7 › 08 - Statik / kurumsal sayfalar › statik sayfalarda kırık görsel yok 
    [chromium] › tests/09-forms.spec.ts:26:7 › 09 - Formlar (validasyon) › iletişim sayfası formu render olur 
  44 passed (17.5m)
EXIT=1
