
⚠️  ALLOW_HOMEE_ORDERS=1 verilmedi — checkout spec'i ödeme adımında duracak,
    sipariş TAMAMLANMAYACAK. Tam sipariş için: ALLOW_HOMEE_ORDERS=1 npm run test:odeme


🔐 Homee auth kurulumu — env=test → https://redesign-prod.test.tepehome.com.tr
  ✓ Mevcut kapı state'i geçerli
  ↻ Üye oturumu geçersiz, yeniden login
  ✓ Üye state yazıldı → playwright/.auth/test-user.json


Running 24 tests using 1 worker

[1/24] [chromium] › tests/20-login.spec.ts:10:7 › 20 - Giriş (pozitif / negatif) › giriş sayfası tüm yöntemleri sunar
[2/24] [chromium] › tests/20-login.spec.ts:23:7 › 20 - Giriş (pozitif / negatif) › e-posta formatı geçersizse uyarı verir
[3/24] [chromium] › tests/20-login.spec.ts:36:7 › 20 - Giriş (pozitif / negatif) › yanlış şifre ile giriş reddedilir
  1) [chromium] › tests/20-login.spec.ts:36:7 › 20 - Giriş (pozitif / negatif) › yanlış şifre ile giriş reddedilir 

    Error: hatalı giriş mesajı gösterilmedi

    expect(received).toMatch(expected)

    Expected pattern: /hatalı|geçersiz|yanlış|bulunamadı|eşleşmiyor/i
    Received string:  "KATEGORİLER
    MOBİLYA
    EVDEKOR·
    2 Yıl Garanti·
    Tüm ürünlerimiz 2 yıl üretici garantisi kapsamındadır.·
    Ücretsiz Bakım Desteği·
    İlk yıl ücretsiz bakım hizmeti sunulmaktadır.·
    Kolay İade·
    14 gün içinde ücretsiz iade imkanı.·
    Giriş Yap
    E-posta·
    Lütfen e-posta adresinizi ya da şifrenizi kontrol edin.·
    Şifre
    Beni Hatırla
    ŞİFREMİ UNUTTUM
    GİRİŞ YAP
    SMS İLE GİRİŞ YAP
    veya
    Google
    Apple
    Hesabınız yok mu?
    KAYIT OL"

      42 |
      43 |     const body = await page.locator("body").innerText();
    > 44 |     expect(body, "hatalı giriş mesajı gösterilmedi").toMatch(
         |                                                      ^
      45 |       /hatalı|geçersiz|yanlış|bulunamadı|eşleşmiyor/i,
      46 |     );
      47 |   });
        at /Users/macbookair/Desktop/homee-tests/tests/20-login.spec.ts:44:54

    attachment #1: screenshot (image/png) ──────────────────────────────────────────────────────────
    test-results/20-login-20---Giriş-poziti-566c5--şifre-ile-giriş-reddedilir-chromium/test-failed-1.png
    ────────────────────────────────────────────────────────────────────────────────────────────────

    Error Context: test-results/20-login-20---Giriş-poziti-566c5--şifre-ile-giriş-reddedilir-chromium/error-context.md


[4/24] [chromium] › tests/20-login.spec.ts:49:7 › 20 - Giriş (pozitif / negatif) › boş form gönderiminde zorunlu alan uyarısı
  2) [chromium] › tests/20-login.spec.ts:49:7 › 20 - Giriş (pozitif / negatif) › boş form gönderiminde zorunlu alan uyarısı 

    Test timeout of 45000ms exceeded.

    Error: page.waitForTimeout: Test timeout of 45000ms exceeded.

      52 |
      53 |     await login.submitButton.click({ timeout: 15_000 });
    > 54 |     await page.waitForTimeout(2500);
         |                ^
      55 |     await login.assertStillOnLogin();
      56 |
      57 |     const msgs = await login.validationMessages();
        at /Users/macbookair/Desktop/homee-tests/tests/20-login.spec.ts:54:16

    attachment #1: screenshot (image/png) ──────────────────────────────────────────────────────────
    test-results/20-login-20---Giriş-poziti-34f2e-iminde-zorunlu-alan-uyarısı-chromium/test-failed-1.png
    ────────────────────────────────────────────────────────────────────────────────────────────────

    Error Context: test-results/20-login-20---Giriş-poziti-34f2e-iminde-zorunlu-alan-uyarısı-chromium/error-context.md


[5/24] [chromium] › tests/20-login.spec.ts:61:7 › 20 - Giriş (pozitif / negatif) › doğru bilgilerle giriş yapılır ve hesap sayfasına yönlenir
[6/24] [chromium] › tests/20-login.spec.ts:75:7 › 20 - Giriş (pozitif / negatif) › korumalı sayfa misafirken login'e yönlendirir
[7/24] [chromium] › tests/21-account-overview.spec.ts:9:7 › 21 - Hesabım özeti › hesap özeti kullanıcı bilgilerini gösterir
[8/24] [chromium] › tests/21-account-overview.spec.ts:19:7 › 21 - Hesabım özeti › hesap menüsündeki tüm alt sayfalar açılır
[9/24] [chromium] › tests/21-account-overview.spec.ts:43:7 › 21 - Hesabım özeti › siparişlerim sayfası liste veya boş durum gösterir
  3) [chromium] › tests/21-account-overview.spec.ts:43:7 › 21 - Hesabım özeti › siparişlerim sayfası liste veya boş durum gösterir 

    Error: sipariş yok ama boş durum mesajı da yok

    expect(received).toBe(expected) // Object.is equality

    Expected: true
    Received: false

      48 |     const count = await orders.orderCount();
      49 |     if (count === 0) {
    > 50 |       expect(await orders.isEmpty(), "sipariş yok ama boş durum mesajı da yok").toBe(true);
         |                                                                                 ^
      51 |     }
      52 |   });
      53 |
        at /Users/macbookair/Desktop/homee-tests/tests/21-account-overview.spec.ts:50:81

    attachment #1: screenshot (image/png) ──────────────────────────────────────────────────────────
    test-results/21-account-overview-21---H-76809-ste-veya-boş-durum-gösterir-chromium/test-failed-1.png
    ────────────────────────────────────────────────────────────────────────────────────────────────

    Error Context: test-results/21-account-overview-21---H-76809-ste-veya-boş-durum-gösterir-chromium/error-context.md


[10/24] [chromium] › tests/21-account-overview.spec.ts:54:7 › 21 - Hesabım özeti › favorilerim sayfası liste veya boş durum gösterir
[11/24] [chromium] › tests/21-account-overview.spec.ts:62:7 › 21 - Hesabım özeti › çıkış yapınca oturum kapanır ve korumalı sayfa login'e döner
  4) [chromium] › tests/21-account-overview.spec.ts:62:7 › 21 - Hesabım özeti › çıkış yapınca oturum kapanır ve korumalı sayfa login'e döner 

    Error: çıkıştan sonra hesap sayfası hâlâ açılıyor

    expect(received).toContain(expected) // indexOf

    Expected substring: "/giris"
    Received string:    "https://redesign-prod.test.tepehome.com.tr/hesabim"

      66 |
      67 |     await account.goto("/hesabim");
    > 68 |     expect(memberPage.url(), "çıkıştan sonra hesap sayfası hâlâ açılıyor").toContain("/giris");
         |                                                                            ^
      69 |   });
      70 | });
      71 |
        at /Users/macbookair/Desktop/homee-tests/tests/21-account-overview.spec.ts:68:76

    attachment #1: screenshot (image/png) ──────────────────────────────────────────────────────────
    test-results/21-account-overview-21---H-83a0a-orumalı-sayfa-login-e-döner-chromium/test-failed-1.png
    ────────────────────────────────────────────────────────────────────────────────────────────────

    Error Context: test-results/21-account-overview-21---H-83a0a-orumalı-sayfa-login-e-döner-chromium/error-context.md


[12/24] [chromium] › tests/22-addresses.spec.ts:13:7 › 22 - Adres yönetimi › adres listesi ve 'YENİ ADRES EKLE' formu açılır
[13/24] [chromium] › tests/22-addresses.spec.ts:30:7 › 22 - Adres yönetimi › boş form kaydedilmeye çalışılınca validasyon verir
[14/24] [chromium] › tests/22-addresses.spec.ts:46:7 › 22 - Adres yönetimi › yeni adres eklenir, listede görünür ve sonra silinir
  5) [chromium] › tests/22-addresses.spec.ts:46:7 › 22 - Adres yönetimi › yeni adres eklenir, listede görünür ve sonra silinir 

    Error: "QA-ADRES-240150" silinemedi

    expect(received).toBe(expected) // Object.is equality

    Expected: false
    Received: true

      72 |     await addr.deleteAddressTitled(title);
      73 |     await addr.open();
    > 74 |     expect(await addr.hasAddressTitled(title), `"${title}" silinemedi`).toBe(false);
         |                                                                         ^
      75 |     expect(await addr.addressCount(), "silme sonrası sayı başlangıca dönmedi").toBe(initialCount);
      76 |   });
      77 | });
        at /Users/macbookair/Desktop/homee-tests/tests/22-addresses.spec.ts:74:73

    attachment #1: screenshot (image/png) ──────────────────────────────────────────────────────────
    test-results/22-addresses-22---Adres-yö-de2fc-de-görünür-ve-sonra-silinir-chromium/test-failed-1.png
    ────────────────────────────────────────────────────────────────────────────────────────────────

    Error Context: test-results/22-addresses-22---Adres-yö-de2fc-de-görünür-ve-sonra-silinir-chromium/error-context.md


[15/24] [chromium] › tests/23-favorites.spec.ts:10:7 › 23 - Favoriler › ürün favoriye eklenir, favorilerimde görünür, sonra kaldırılır
  6) [chromium] › tests/23-favorites.spec.ts:10:7 › 23 - Favoriler › ürün favoriye eklenir, favorilerimde görünür, sonra kaldırılır 

    Error: favori sayısı 0 → 0, artmadı

    expect(received).toBe(expected) // Object.is equality

    Expected: 1
    Received: 0

      23 |     await fav.open();
      24 |     const after = await fav.count();
    > 25 |     expect(after, `favori sayısı ${before} → ${after}, artmadı`).toBe(before + 1);
         |                                                                  ^
      26 |
      27 |     // TEMİZLİK: aynı ürün sayfasında toggle'ı geri al
      28 |     await product.open(TEST_PRODUCTS.sapTest);
        at /Users/macbookair/Desktop/homee-tests/tests/23-favorites.spec.ts:25:66

    attachment #1: screenshot (image/png) ──────────────────────────────────────────────────────────
    test-results/23-favorites-23---Favorile-4c648-de-görünür-sonra-kaldırılır-chromium/test-failed-1.png
    ────────────────────────────────────────────────────────────────────────────────────────────────

    Error Context: test-results/23-favorites-23---Favorile-4c648-de-görünür-sonra-kaldırılır-chromium/error-context.md


[16/24] [chromium] › tests/24-orders.spec.ts:6:7 › 24 - Siparişler ve iadeler › siparişlerim sayfası hatasız yüklenir
  7) [chromium] › tests/24-orders.spec.ts:6:7 › 24 - Siparişler ve iadeler › siparişlerim sayfası hatasız yüklenir 

    Error: ne sipariş listesi ne boş durum mesajı var

    expect(received).toMatch(expected)

    Expected pattern: /siparişiniz bulunmuyor|Sipariş No|Sipariş Tarihi|TÜMÜNÜ GÖR/i
    Received string:  "Ücretsiz teslimat   •   Mağaza randevusu   •   30 gün kolay iade·
    Detaylar
    KATEGORİLER
    MOBİLYA
    EVDEKOR
    Siparişlerim·
    mirac kasapoglu·
    mirac.kasapoglu@machinarium.co·
    Özet
    Siparişlerim
    İadelerim
    Adreslerim
    Favorilerim
    Profil & Ayarlar
    Çıkış Yap
    Tümü
    Devam eden
    Teslim edilen
    İptal edilen·
    Siparişiniz bulunmamaktadır.·
    Alışverişe başlayarak siparişlerinizi burada görebilirsiniz.·
    ALIŞVERİŞE BAŞLA
    PEŞİN FİYATINA TAKSİT
    HIZLI TESLİMAT
    ÜCRETSİZ KURULUM
    GÜVENLİ ALIŞVERİŞ
    KOLAY İADE·
    TEPE HOME JOURNAL·
    #TepeHomeTarzi·
    Evinizden kareleri bizimle paylaşın; sakin, zamansız ve yaşanabilir alanlara ilham verin.·
    KURUMSAL
    Hakkımızda
    Bilkent Holding
    Çerez Politikası
    Etik Politikamız
    İnsan Kaynakları
    Sözleşmeler
    KVKK Aydınlatma Metni
    İLETİŞİM
    Bize Ulaşın
    Kampanyalar
    Sipariş & Teslimat
    İade
    SSS
    BLOG
    Küçük Mekanlar
    Bahçe Mobilyaları
    YARDIM MERKEZİ
    0850 255 47 47·
    Tepe Home Mobil Uygulama·
    Kampanyalardan ilk siz haberdar olun, siparişlerinizi kolayca takip edin.·
    Google Play
    'den indir
    App Store
    'dan indir
    E-posta adresiniz
    ABONE OL·
    Tepe Home bir Bilkent Holding Şirketidir·
    Mesafeli Satış Sözleşmesi
    İade Politikası
    Gizlilik Politikası
    KVKK
    İletişim·
    © 2026 Tepe Home. Tüm hakları saklıdır·
    Powered by"

      12 |
      13 |     const body = await memberPage.locator("body").innerText();
    > 14 |     expect(body, "ne sipariş listesi ne boş durum mesajı var").toMatch(
         |                                                                ^
      15 |       /siparişiniz bulunmuyor|Sipariş No|Sipariş Tarihi|TÜMÜNÜ GÖR/i,
      16 |     );
      17 |   });
        at /Users/macbookair/Desktop/homee-tests/tests/24-orders.spec.ts:14:64

    attachment #1: screenshot (image/png) ──────────────────────────────────────────────────────────
    test-results/24-orders-24---Siparişler--31edd-im-sayfası-hatasız-yüklenir-chromium/test-failed-1.png
    ────────────────────────────────────────────────────────────────────────────────────────────────

    Error Context: test-results/24-orders-24---Siparişler--31edd-im-sayfası-hatasız-yüklenir-chromium/error-context.md


[17/24] [chromium] › tests/24-orders.spec.ts:19:7 › 24 - Siparişler ve iadeler › iadelerim sayfası hatasız yüklenir (API hata durumu yok)
[18/24] [chromium] › tests/24-orders.spec.ts:28:7 › 24 - Siparişler ve iadeler › sipariş özeti hesap ana sayfasında görünür
[19/24] [chromium] › tests/25-checkout-to-payment.spec.ts:23:7 › 25 - Ödeme adımı (sipariş tamamlanmaz) › sepetten ödeme adımına geçilir ve tüm bölümler render olur
[20/24] [chromium] › tests/25-checkout-to-payment.spec.ts:48:7 › 25 - Ödeme adımı (sipariş tamamlanmaz) › ödeme yöntemleri (kredi kartı / havale) seçilebilir
  8) [chromium] › tests/25-checkout-to-payment.spec.ts:48:7 › 25 - Ödeme adımı (sipariş tamamlanmaz) › ödeme yöntemleri (kredi kartı / havale) seçilebilir 

    Error: expect(locator).toBeVisible() failed

    Locator: locator('button:visible:has-text("KREDİ KARTI")').first()
    Expected: visible
    Timeout: 5000ms
    Error: element(s) not found

    Call log:
      - Expect "toBeVisible" with timeout 5000ms
      - waiting for locator('button:visible:has-text("KREDİ KARTI")').first()


      55 |     await checkout.open();
      56 |
    > 57 |     await expect(checkout.creditCardOption).toBeVisible();
         |                                             ^
      58 |     await expect(checkout.transferOption).toBeVisible();
      59 |
      60 |     await checkout.selectPaymentMethod("havale");
        at /Users/macbookair/Desktop/homee-tests/tests/25-checkout-to-payment.spec.ts:57:45

    attachment #1: screenshot (image/png) ──────────────────────────────────────────────────────────
    test-results/25-checkout-to-payment-25--a7f60-di-kartı-havale-seçilebilir-chromium/test-failed-1.png
    ────────────────────────────────────────────────────────────────────────────────────────────────

    Error Context: test-results/25-checkout-to-payment-25--a7f60-di-kartı-havale-seçilebilir-chromium/error-context.md


[21/24] [chromium] › tests/25-checkout-to-payment.spec.ts:67:7 › 25 - Ödeme adımı (sipariş tamamlanmaz) › sözleşme metinleri yüklenir (Mesafeli Satış / Ön Bilgilendirme)
  9) [chromium] › tests/25-checkout-to-payment.spec.ts:67:7 › 25 - Ödeme adımı (sipariş tamamlanmaz) › sözleşme metinleri yüklenir (Mesafeli Satış / Ön Bilgilendirme) 

    Expected to fail, but passed.

    attachment #1: screenshot (image/png) ──────────────────────────────────────────────────────────
    test-results/25-checkout-to-payment-25--a9537-eli-Satış-Ön-Bilgilendirme--chromium/test-failed-1.png
    ────────────────────────────────────────────────────────────────────────────────────────────────


[22/24] [chromium] › tests/25-checkout-to-payment.spec.ts:81:7 › 25 - Ödeme adımı (sipariş tamamlanmaz) › sözleşme onayı olmadan ödeme butonu ilerletmez
  10) [chromium] › tests/25-checkout-to-payment.spec.ts:81:7 › 25 - Ödeme adımı (sipariş tamamlanmaz) › sözleşme onayı olmadan ödeme butonu ilerletmez 

    TimeoutError: locator.isChecked: Timeout 20000ms exceeded.
    Call log:
      - waiting for locator('input[name="checkout-contracts-accepted"]').first()


      88 |     await checkout.open();
      89 |
    > 90 |     expect(await checkout.contractsCheckbox.isChecked(), "sözleşme baştan onaylı gelmemeli").toBe(
         |                                             ^
      91 |       false,
      92 |     );
      93 |     // Buton görünür ama sipariş açmadığımız için TIKLAMIYORUZ
        at /Users/macbookair/Desktop/homee-tests/tests/25-checkout-to-payment.spec.ts:90:45

    attachment #1: screenshot (image/png) ──────────────────────────────────────────────────────────
    test-results/25-checkout-to-payment-25--f2bf4-dan-ödeme-butonu-ilerletmez-chromium/test-failed-1.png
    ────────────────────────────────────────────────────────────────────────────────────────────────

    Error Context: test-results/25-checkout-to-payment-25--f2bf4-dan-ödeme-butonu-ilerletmez-chromium/error-context.md


[23/24] [chromium] › tests/25-checkout-to-payment.spec.ts:97:7 › 25 - Ödeme adımı (sipariş tamamlanmaz) › adres olmadan uyarı gösterilir
[24/24] [chromium] › tests/25-checkout-to-payment.spec.ts:114:7 › 25 - Ödeme adımı (sipariş tamamlanmaz) › sipariş tamamlama guard'ı aktif (ALLOW_HOMEE_ORDERS)
  10 failed
    [chromium] › tests/20-login.spec.ts:36:7 › 20 - Giriş (pozitif / negatif) › yanlış şifre ile giriş reddedilir 
    [chromium] › tests/20-login.spec.ts:49:7 › 20 - Giriş (pozitif / negatif) › boş form gönderiminde zorunlu alan uyarısı 
    [chromium] › tests/21-account-overview.spec.ts:43:7 › 21 - Hesabım özeti › siparişlerim sayfası liste veya boş durum gösterir 
    [chromium] › tests/21-account-overview.spec.ts:62:7 › 21 - Hesabım özeti › çıkış yapınca oturum kapanır ve korumalı sayfa login'e döner 
    [chromium] › tests/22-addresses.spec.ts:46:7 › 22 - Adres yönetimi › yeni adres eklenir, listede görünür ve sonra silinir 
    [chromium] › tests/23-favorites.spec.ts:10:7 › 23 - Favoriler › ürün favoriye eklenir, favorilerimde görünür, sonra kaldırılır 
    [chromium] › tests/24-orders.spec.ts:6:7 › 24 - Siparişler ve iadeler › siparişlerim sayfası hatasız yüklenir 
    [chromium] › tests/25-checkout-to-payment.spec.ts:48:7 › 25 - Ödeme adımı (sipariş tamamlanmaz) › ödeme yöntemleri (kredi kartı / havale) seçilebilir 
    [chromium] › tests/25-checkout-to-payment.spec.ts:67:7 › 25 - Ödeme adımı (sipariş tamamlanmaz) › sözleşme metinleri yüklenir (Mesafeli Satış / Ön Bilgilendirme) 
    [chromium] › tests/25-checkout-to-payment.spec.ts:81:7 › 25 - Ödeme adımı (sipariş tamamlanmaz) › sözleşme onayı olmadan ödeme butonu ilerletmez 
  1 skipped
  13 passed (12.5m)
EXIT=1
