
🔐 Homee auth kurulumu — env=test → https://redesign-prod.test.tepehome.com.tr
  ✓ Mevcut kapı state'i geçerli
  ✓ Mevcut üye oturumu geçerli (e-posta doğrulandı)


Running 45 tests using 1 worker

[1/45] [chromium] › tests/02-navigation.spec.ts:8:7 › 02 - Navigasyon ve rota sağlığı › mega menü açılır ve kategori linkleri listelenir
[2/45] [chromium] › tests/02-navigation.spec.ts:17:7 › 02 - Navigasyon ve rota sağlığı › menüdeki tüm kategori rotaları açılır (404 yok)
[3/45] [chromium] › tests/02-navigation.spec.ts:35:7 › 02 - Navigasyon ve rota sağlığı › bilinen kırık linkler kayıt altında (düzelen listeden çıkarılmalı)
[4/45] [chromium] › tests/02-navigation.spec.ts:51:7 › 02 - Navigasyon ve rota sağlığı › header ana menü linkleri (MOBİLYA / EVDEKOR) 404 vermez
[5/45] [chromium] › tests/02-navigation.spec.ts:69:7 › 02 - Navigasyon ve rota sağlığı › boş kategoriler kayıt altında (dolan listeden çıkarılmalı)
[6/45] [chromium] › tests/02-navigation.spec.ts:85:7 › 02 - Navigasyon ve rota sağlığı › logo anasayfaya döner
[7/45] [chromium] › tests/02-navigation.spec.ts:100:7 › 02b - Domain sızması › test ortamı sayfaları prod domain'ine link vermiyor
  1) [chromium] › tests/02-navigation.spec.ts:100:7 › 02b - Domain sızması › test ortamı sayfaları prod domain'ine link vermiyor 

    Expected to fail, but passed.

    attachment #1: screenshot (image/png) ──────────────────────────────────────────────────────────
    test-results/02-navigation-02b---Domain-ee374-od-domain-ine-link-vermiyor-chromium/test-failed-1.png
    ────────────────────────────────────────────────────────────────────────────────────────────────


[8/45] [chromium] › tests/03-category-listing.spec.ts:8:7 › 03 - Kategori / liste sayfası › ürün listesi render olur, sayaç ve kartlar tutarlı
[9/45] [chromium] › tests/03-category-listing.spec.ts:21:7 › 03 - Kategori / liste sayfası › ürün kartından detay sayfasına gidilir
[10/45] [chromium] › tests/03-category-listing.spec.ts:32:7 › 03 - Kategori / liste sayfası › filtre paneli açılır ve filtre grupları listelenir
[11/45] [chromium] › tests/03-category-listing.spec.ts:53:7 › 03 - Kategori / liste sayfası › filtre grubu genişletilir, seçenek işaretlenip uygulanır
[chromium] › tests/03-category-listing.spec.ts:53:7 › 03 - Kategori / liste sayfası › filtre grubu genişletilir, seçenek işaretlenip uygulanır
  filtre: 12 → 1 ürün | seçenekler: BEYAZ, GRİ, KAHVERENGİ, SİYAH

[12/45] [chromium] › tests/03-category-listing.spec.ts:80:7 › 03 - Kategori / liste sayfası › sıralama seçenekleri açılır
[chromium] › tests/03-category-listing.spec.ts:80:7 › 03 - Kategori / liste sayfası › sıralama seçenekleri açılır
  sıralama seçenekleri: Fiyat | Sırala: Önerilen | Önerilen | Alfabetik A-Z | En Düşük Fiyat | En Yüksek Fiyat | En Yüksek İndirim | En Düşük İndirim | En çok satanlar

[13/45] [chromium] › tests/03-category-listing.spec.ts:89:7 › 03 - Kategori / liste sayfası › 'DAHA FAZLA GÖSTER' listeyi büyütür
[14/45] [chromium] › tests/03-category-listing.spec.ts:99:7 › 03 - Kategori / liste sayfası › ürün dönen tüm kategori rotaları kart gösteriyor
[15/45] [chromium] › tests/04-search.spec.ts:12:7 › 04 - Arama › header aramasıyla sonuç sayfasına gidilir
[16/45] [chromium] › tests/04-search.spec.ts:25:7 › 04 - Arama › arama sonucu başlığı sorguyu ve adedi gösterir
[17/45] [chromium] › tests/04-search.spec.ts:34:7 › 04 - Arama › sonuç dönmeyen arama boş durum mesajı gösterir
[18/45] [chromium] › tests/04-search.spec.ts:47:7 › 04 - Arama › arama sonuç kartları site içi link veriyor
[19/45] [chromium] › tests/04-search.spec.ts:67:7 › 04 - Arama › arama sonuçları sorguyla alakalı
  2) [chromium] › tests/04-search.spec.ts:67:7 › 04 - Arama › arama sonuçları sorguyla alakalı ─────

    Expected to fail, but passed.

    attachment #1: screenshot (image/png) ──────────────────────────────────────────────────────────
    test-results/04-search-04---Arama-arama-sonuçları-sorguyla-alakalı-chromium/test-failed-1.png
    ────────────────────────────────────────────────────────────────────────────────────────────────


[20/45] [chromium] › tests/05-product-detail.spec.ts:8:7 › 05 - Ürün detay › başlık, ürün kodu ve fiyat görünür
[21/45] [chromium] › tests/05-product-detail.spec.ts:25:7 › 05 - Ürün detay › ürün detay sekmeleri açılır (Açıklama / Ölçüler / Teslimat)
[22/45] [chromium] › tests/05-product-detail.spec.ts:35:7 › 05 - Ürün detay › taksit seçenekleri açılır
[23/45] [chromium] › tests/05-product-detail.spec.ts:49:7 › 05 - Ürün detay › SEPETE EKLE butonu aktif ve ürün görseli yüklü
[24/45] [chromium] › tests/05-product-detail.spec.ts:67:7 › 05 - Ürün detay › ürün detayda uygulama kaynaklı konsol hatası yok
[25/45] [chromium] › tests/06-cart.spec.ts:19:7 › 06 - Sepet › ürün sepete eklenir ve sepette doğru satır görünür
[26/45] [chromium] › tests/06-cart.spec.ts:41:7 › 06 - Sepet › adet artırma ara toplamı doğru büyütür
[27/45] [chromium] › tests/06-cart.spec.ts:62:7 › 06 - Sepet › adet azaltma ara toplamı geri düşürür
[28/45] [chromium] › tests/06-cart.spec.ts:78:7 › 06 - Sepet › sipariş özeti: ara toplam + teslimat = toplam
[29/45] [chromium] › tests/06-cart.spec.ts:96:7 › 06 - Sepet › ürün sepetten silinir ve sepet boşalır
[30/45] [chromium] › tests/06-cart.spec.ts:112:7 › 06 - Sepet › boş sepette ödeme butonu yok, alışverişe devam bağlantısı var
[31/45] [chromium] › tests/06-cart.spec.ts:122:7 › 06 - Sepet › iki farklı ürün sepette iki satır oluşturur
[32/45] [chromium] › tests/08-static-pages.spec.ts:8:9 › 08 - Statik / kurumsal sayfalar › /magazalar açılır ve doğru başlığı gösterir
[33/45] [chromium] › tests/08-static-pages.spec.ts:8:9 › 08 - Statik / kurumsal sayfalar › /iletisim açılır ve doğru başlığı gösterir
[34/45] [chromium] › tests/08-static-pages.spec.ts:8:9 › 08 - Statik / kurumsal sayfalar › /blogs açılır ve doğru başlığı gösterir
[35/45] [chromium] › tests/08-static-pages.spec.ts:8:9 › 08 - Statik / kurumsal sayfalar › /sikca-sorulan-sorular açılır ve doğru başlığı gösterir
[36/45] [chromium] › tests/08-static-pages.spec.ts:8:9 › 08 - Statik / kurumsal sayfalar › /hakkimizda açılır ve doğru başlığı gösterir
[37/45] [chromium] › tests/08-static-pages.spec.ts:8:9 › 08 - Statik / kurumsal sayfalar › /bilkent-holding açılır ve doğru başlığı gösterir
[38/45] [chromium] › tests/08-static-pages.spec.ts:8:9 › 08 - Statik / kurumsal sayfalar › /etik-politikamiz açılır ve doğru başlığı gösterir
[39/45] [chromium] › tests/08-static-pages.spec.ts:8:9 › 08 - Statik / kurumsal sayfalar › /insan-kaynaklari açılır ve doğru başlığı gösterir
[40/45] [chromium] › tests/08-static-pages.spec.ts:8:9 › 08 - Statik / kurumsal sayfalar › /kvkk-aydinlatma-metni açılır ve doğru başlığı gösterir
[41/45] [chromium] › tests/08-static-pages.spec.ts:8:9 › 08 - Statik / kurumsal sayfalar › /privacy açılır ve doğru başlığı gösterir
[42/45] [chromium] › tests/08-static-pages.spec.ts:21:7 › 08 - Statik / kurumsal sayfalar › statik sayfalarda kırık görsel yok
  3) [chromium] › tests/08-static-pages.spec.ts:21:7 › 08 - Statik / kurumsal sayfalar › statik sayfalarda kırık görsel yok 

    Expected to fail, but passed.

    attachment #1: screenshot (image/png) ──────────────────────────────────────────────────────────
    test-results/08-static-pages-08---Stati-9b2ef-sayfalarda-kırık-görsel-yok-chromium/test-failed-1.png
    ────────────────────────────────────────────────────────────────────────────────────────────────


[43/45] [chromium] › tests/09-forms.spec.ts:11:7 › 09 - Formlar (validasyon) › bülten aboneliği geçersiz e-postayı reddeder
[44/45] [chromium] › tests/09-forms.spec.ts:26:7 › 09 - Formlar (validasyon) › iletişim sayfası formu render olur
[45/45] [chromium] › tests/09-forms.spec.ts:37:7 › 09 - Formlar (validasyon) › iletişim formu boş gönderimde validasyon gösterir
  3 failed
    [chromium] › tests/02-navigation.spec.ts:100:7 › 02b - Domain sızması › test ortamı sayfaları prod domain'ine link vermiyor 
    [chromium] › tests/04-search.spec.ts:67:7 › 04 - Arama › arama sonuçları sorguyla alakalı ──────
    [chromium] › tests/08-static-pages.spec.ts:21:7 › 08 - Statik / kurumsal sayfalar › statik sayfalarda kırık görsel yok 
  42 passed (11.4m)
EXIT=1
